ï¿½ï¿½ï¿½ï¿½ chip revision: v3.0[0m
[ï¿½ets Jul 29 2019 12:21:46

rst:0x1 (POWERON_RESET),boot:0x13 (SPI_FAST_FLASH_BOOT)
configsip: 0, SPIWP:0xee
clk_drv:0x00,q_drv:0x00,d_drv:0x00,cs0_drv:0x00,hd_drv:0x00,wp_drv:0x00
mode:DIO, clock div:2
load:0x3fff0030,len:7172
load:0x40078000,len:15540
load:0x40080400,len:4
ho 8 tail 4 room 4
load:0x40080404,len:3904
entry 0x40080640
[0;32mI (31) boot: ESP-IDF v5.2.2-dirty 2nd stage bootloader[0m
[0;32mI (31) boot: compile time Sep 23 2024 10:01:52[0m
[0;32mI (31) boot: Multicore bootloader[0m
[0;32mI (36) boot: chip revision: v3.0[0m
[0;32mI (40) boot.esp32: SPI Speed      : 40MHz[0m
[0;32mI (44) boot.esp32: SPI Mode       : DIO[0m
[0;32mI (49) boot.esp32: SPI Flash Size : 2MB[0m
[0;32mI (53) boot: Enabling RNG early entropy source...[0m
[0;32mI (59) boot: Partition Table:[0m
[0;32mI (62) boot: ## Label            Usage          Type ST Offset   Length[0m
[0;32mI (70) boot:  0 nvs              WiFi data        01 02 00009000 00006000[0m
[0;32mI (77) boot:  1 phy_init         RF data          01 01 0000f000 00001000[0m
[0;32mI (85) boot:  2 factory          factory app      00 00 00010000 00100000[0m
[0;32mI (92) boot: End of partition table[0m
[0;32mI (96) esp_image: segment 0: paddr=00010020 vaddr=3f400020 size=29774h (169844) map[0m
[0;32mI (163) esp_image: segment 1: paddr=0003979c vaddr=3ffb0000 size=03bcch ( 15308) load[0m
[0;32mI (169) esp_image: segment 2: paddr=0003d370 vaddr=40080000 size=02ca8h ( 11432) load[0m
[0;32mI (174) esp_image: segment 3: paddr=00040020 vaddr=400d0020 size=9ff40h (655168) map[0m
[0;32mI (402) esp_image: segment 4: paddr=000dff68 vaddr=40082ca8 size=14a38h ( 84536) load[0m
[0;32mI (447) boot: Loaded app from partition at offset 0x10000[0m
[0;32mI (447) boot: Disabling RNG early entropy source...[0m
[0;32mI (458) cpu_start: Multicore app[0m
[0;32mI (467) cpu_start: Pro cpu start user code[0m
[0;32mI (467) cpu_start: cpu freq: 160000000 Hz[0m
[0;32mI (467) cpu_start: Application information:[0m
[0;32mI (470) cpu_start: Project name:     app-template[0m
[0;32mI (476) cpu_start: App version:      1[0m
[0;32mI (480) cpu_start: Compile time:     Sep 23 2024 10:01:37[0m
[0;32mI (486) cpu_start: ELF file SHA256:  c655da030...[0m
[0;32mI (491) cpu_start: ESP-IDF:          v5.2.2-dirty[0m
[0;32mI (497) cpu_start: Min chip rev:     v0.0[0m
[0;32mI (502) cpu_start: Max chip rev:     v3.99 [0m
[0;32mI (506) cpu_start: Chip rev:         v3.0[0m
[0;32mI (511) heap_init: Initializing. RAM available for dynamic allocation:[0m
[0;32mI (518) heap_init: At 3FFAE6E0 len 00001920 (6 KiB): DRAM[0m
[0;32mI (524) heap_init: At 3FFB8288 len 00027D78 (159 KiB): DRAM[0m
[0;32mI (531) heap_init: At 3FFE0440 len 00003AE0 (14 KiB): D/IRAM[0m
[0;32mI (537) heap_init: At 3FFE4350 len 0001BCB0 (111 KiB): D/IRAM[0m
[0;32mI (543) heap_init: At 400976E0 len 00008920 (34 KiB): IRAM[0m
[0;32mI (551) spi_flash: detected chip: generic[0m
[0;32mI (554) spi_flash: flash io: dio[0m
[0;33mW (558) spi_flash: Detected size(4096k) larger than the size in the binary image header(2048k). Using the size in the binary image header.[0m
[0;32mI (572) main_task: Started on CPU0[0m
[0;32mI (582) main_task: Calling app_main()[0m
[0;32mI (622) gpio: GPIO[4]| InputEn: 0| OutputEn: 1| OpenDrain: 0| Pullup: 1| Pulldown: 1| Intr:0 [0m
[0;32mI (622) gpio: GPIO[5]| InputEn: 0| OutputEn: 1| OpenDrain: 0| Pullup: 1| Pulldown: 1| Intr:0 [0m
[0;32mI (632) uart: queue free spaces: 10[0m
[0;32mI (642) Firebase: ESP_WIFI_MODE_STA[0m
I (652) wifi:wifi driver task: 3ffc1928, prio:23, stack:6656, core=0
I (672) wifi:wifi firmware version: 3e0076f
I (672) wifi:wifi certification version: v7.0
I (672) wifi:config NVS flash: enabled
I (672) wifi:config nano formating: disabled
I (682) wifi:Init data frame dynamic rx buffer num: 32
I (682) wifi:Init static rx mgmt buffer num: 5
I (682) wifi:Init management short buffer num: 32
I (692) wifi:Init dynamic tx buffer num: 32
I (692) wifi:Init static rx buffer size: 1600
I (702) wifi:Init static rx buffer num: 10
I (702) wifi:Init dynamic rx buffer num: 32
[0;32mI (712) wifi_init: rx ba win: 6[0m
[0;32mI (712) wifi_init: tcpip mbox: 32[0m
[0;32mI (712) wifi_init: udp mbox: 6[0m
[0;32mI (722) wifi_init: tcp mbox: 6[0m
[0;32mI (722) wifi_init: tcp tx win: 5760[0m
[0;32mI (722) wifi_init: tcp rx win: 5760[0m
[0;32mI (732) wifi_init: tcp mss: 1440[0m
[0;32mI (732) wifi_init: WiFi IRAM OP enabled[0m
[0;32mI (742) wifi_init: WiFi RX IRAM OP enabled[0m
[0;32mI (742) phy_init: phy_version 4791,2c4672b,Dec 20 2023,16:06:06[0m
I (842) wifi:mode : sta (c8:f0:9e:f1:4a:c8)
I (842) wifi:enable tsf
[0;32mI (842) Firebase: wifi_init_sta finished.[0m
I (852) wifi:new:<11,0>, old:<1,0>, ap:<255,255>, sta:<11,0>, prof:1
I (852) wifi:state: init -> auth (b0)
I (862) wifi:state: auth -> assoc (0)
I (872) wifi:state: assoc -> run (10)
I (1022) wifi:connected with Galaxym31, aid = 1, channel 11, BW20, bssid = 4a:3e:02:1e:c9:b7
I (1022) wifi:security: WPA2-PSK, phy: bgn, rssi: -54
I (1032) wifi:pm start, type: 1

I (1032) wifi:dp: 1, bi: 102400, li: 3, scale listen interval from 307200 us to 307200 us
I (1042) wifi:<ba-add>idx:0 (ifx:0, 4a:3e:02:1e:c9:b7), tid:0, ssn:0, winSize:64
I (1102) wifi:dp: 2, bi: 102400, li: 4, scale listen interval from 307200 us to 409600 us
I (1102) wifi:AP's beacon interval = 102400 us, DTIM period = 2
[0;32mI (2042) esp_netif_handlers: sta ip: 192.168.26.89, mask: 255.255.255.0, gw: 192.168.26.71[0m
[0;32mI (2042) Firebase: got ip:192.168.26.89[0m
[0;32mI (2042) Firebase: connected to ap SSID:Galaxym31 password:12345678[0m
[0;32mI (2052) main_task: Returned from app_main()[0m
[0;32mI (4082) Firebase: Full JSON Response: {
  "name": "projects/iot-firebase-80171/databases/(default)/documents/collection/1JRc9F32B4n1fWYeRlHT",
  "fields": {
    "led 1": {
      "integerValue": "1"
    },
    "led 2": {
      "integerValue": "1"
    }
  },
  "createTime": "2024-09-17T14:06:02.109454Z",
  "updateTime": "2024-09-24T07:03:25.462144Z"
}
[0m
[0;32mI (4102) Firebase: HTTP GET Status = 200[0m
[0;32mI (8382) Firebase: Full JSON Response: {
  "name": "projects/iot-firebase-80171/databases/(default)/documents/collection/1JRc9F32B4n1fWYeRlHT",
  "fields": {
    "led 1": {
      "integerValue": "1"
    },
    "led 2": {
      "integerValue": "1"
    }
  },
  "createTime": "2024-09-17T14:06:02.109454Z",
  "updateTime": "2024-09-24T07:03:25.462144Z"
}
[0m
[0;32mI (8402) Firebase: HTTP GET Status = 200[0m
[0;32mI (12482) Firebase: Full JSON Response: {
  "name": "projects/iot-firebase-80171/databases/(default)/documents/collection/1JRc9F32B4n1fWYeRlHT",
  "fields": {
    "led 1": {
      "integerValue": "1"
    },
    "led 2": {
      "integerValue": "1"
    }
  },
  "createTime": "2024-09-17T14:06:02.109454Z",
  "updateTime": "2024-09-24T07:03:25.462144Z"
}
[0m
[0;32mI (12502) Firebase: HTTP GET Status = 200[0m
[0;32mI (16572) Firebase: Full JSON Response: {
  "name": "projects/iot-firebase-80171/databases/(default)/documents/collection/1JRc9F32B4n1fWYeRlHT",
  "fields": {
    "led 2": {
      "integerValue": "1"
    },
    "led 1": {
      "integerValue": "1"
    }
  },
  "createTime": "2024-09-17T14:06:02.109454Z",
  "updateTime": "2024-09-24T07:03:25.462144Z"
}
[0m
[0;32mI (16602) Firebase: HTTP GET Status = 200[0m
[0;32mI (20882) Firebase: Full JSON Response: {
  "name": "projects/iot-firebase-80171/databases/(default)/documents/collection/1JRc9F32B4n1fWYeRlHT",
  "fields": {
    "led 2": {
      "integerValue": "1"
    },
    "led 1": {
      "integerValue": "1"
    }
  },
  "createTime": "2024-09-17T14:06:02.109454Z",
  "updateTime": "2024-09-24T07:03:25.462144Z"
}
[0m
[0;32mI (20902) Firebase: HTTP GET Status = 200[0m
