ï¿½ï¿½ï¿½ chip revision: v3.0[0m
[0ï¿½ets Jul 29 2019 12:21:46

rst:0x1 (POWERON_RESET),boot:0x13 (SPI_FAST_FLASH_BOOT)
configsip: 0, SPIWP:0xee
clk_drv:0x00,q_drv:0x00,d_drv:0x00,cs0_drv:0x00,hd_drv:0x00,wp_drv:0x00
mode:DIO, clock div:2
load:0x3fff0030,len:7172
load:0x40078000,len:15540
load:0x40080400,len:4
ho 8 tail 4 room 4
load:0x40080404,len:3904
entry 0x40080640
[0;32mI (31) boot: ESP-IDF v5.2.2-dirty 2nd stage bootloader[0m
[0;32mI (31) boot: compile time Sep 23 2024 10:01:52[0m
[0;32mI (31) boot: Multicore bootloader[0m
[0;32mI (36) boot: chip revision: v3.0[0m
[0;32mI (40) boot.esp32: SPI Speed      : 40MHz[0m
[0;32mI (44) boot.esp32: SPI Mode       : DIO[0m
[0;32mI (49) boot.esp32: SPI Flash Size : 2MB[0m
[0;32mI (53) boot: Enabling RNG early entropy source...[0m
[0;32mI (59) boot: Partition Table:[0m
[0;32mI (62) boot: ## Label            Usage          Type ST Offset   Length[0m
[0;32mI (70) boot:  0 nvs              WiFi data        01 02 00009000 00006000[0m
[0;32mI (77) boot:  1 phy_init         RF data          01 01 0000f000 00001000[0m
[0;32mI (85) boot:  2 factory          factory app      00 00 00010000 00100000[0m
[0;32mI (92) boot: End of partition table[0m
[0;32mI (96) esp_image: segment 0: paddr=00010020 vaddr=3f400020 size=28a54h (166484) map[0m
[0;32mI (162) esp_image: segment 1: paddr=00038a7c vaddr=3ffb0000 size=03bcch ( 15308) load[0m
[0;32mI (168) esp_image: segment 2: paddr=0003c650 vaddr=40080000 size=039c8h ( 14792) load[0m
[0;32mI (174) esp_image: segment 3: paddr=00040020 vaddr=400d0020 size=9de8ch (646796) map[0m
[0;32mI (398) esp_image: segment 4: paddr=000ddeb4 vaddr=400839c8 size=12e68h ( 77416) load[0m
[0;32mI (439) boot: Loaded app from partition at offset 0x10000[0m
[0;32mI (440) boot: Disabling RNG early entropy source...[0m
[0;32mI (451) cpu_start: Multicore app[0m
[0;32mI (460) cpu_start: Pro cpu start user code[0m
[0;32mI (460) cpu_start: cpu freq: 160000000 Hz[0m
[0;32mI (460) cpu_start: Application information:[0m
[0;32mI (463) cpu_start: Project name:     app-template[0m
[0;32mI (468) cpu_start: App version:      1[0m
[0;32mI (473) cpu_start: Compile time:     Sep 23 2024 10:01:37[0m
[0;32mI (479) cpu_start: ELF file SHA256:  b9f7b2821...[0m
[0;32mI (484) cpu_start: ESP-IDF:          v5.2.2-dirty[0m
[0;32mI (490) cpu_start: Min chip rev:     v0.0[0m
[0;32mI (494) cpu_start: Max chip rev:     v3.99 [0m
[0;32mI (499) cpu_start: Chip rev:         v3.0[0m
[0;32mI (504) heap_init: Initializing. RAM available for dynamic allocation:[0m
[0;32mI (511) heap_init: At 3FFAE6E0 len 00001920 (6 KiB): DRAM[0m
[0;32mI (517) heap_init: At 3FFB8480 len 00027B80 (158 KiB): DRAM[0m
[0;32mI (523) heap_init: At 3FFE0440 len 00003AE0 (14 KiB): D/IRAM[0m
[0;32mI (530) heap_init: At 3FFE4350 len 0001BCB0 (111 KiB): D/IRAM[0m
[0;32mI (536) heap_init: At 40096830 len 000097D0 (37 KiB): IRAM[0m
[0;32mI (544) spi_flash: detected chip: generic[0m
[0;32mI (547) spi_flash: flash io: dio[0m
[0;33mW (551) spi_flash: Detected size(4096k) larger than the size in the binary image header(2048k). Using the size in the binary image header.[0m
[0;32mI (565) main_task: Started on CPU0[0m
[0;32mI (575) main_task: Calling app_main()[0m
[0;32mI (615) gpio: GPIO[4]| InputEn: 0| OutputEn: 1| OpenDrain: 0| Pullup: 1| Pulldown: 1| Intr:0 [0m
[0;32mI (615) gpio: GPIO[5]| InputEn: 0| OutputEn: 1| OpenDrain: 0| Pullup: 1| Pulldown: 1| Intr:0 [0m
[0;32mI (625) Firebase: ESP_WIFI_MODE_STA[0m
I (645) wifi:wifi driver task: 3ffc04d4, prio:23, stack:6656, core=0
I (665) wifi:wifi firmware version: 3e0076f
I (665) wifi:wifi certification version: v7.0
I (665) wifi:config NVS flash: enabled
I (665) wifi:config nano formating: disabled
I (675) wifi:Init data frame dynamic rx buffer num: 32
I (675) wifi:Init static rx mgmt buffer num: 5
I (675) wifi:Init management short buffer num: 32
I (685) wifi:Init dynamic tx buffer num: 32
I (685) wifi:Init static rx buffer size: 1600
I (695) wifi:Init static rx buffer num: 10
I (695) wifi:Init dynamic rx buffer num: 32
[0;32mI (705) wifi_init: rx ba win: 6[0m
[0;32mI (705) wifi_init: tcpip mbox: 32[0m
[0;32mI (705) wifi_init: udp mbox: 6[0m
[0;32mI (715) wifi_init: tcp mbox: 6[0m
[0;32mI (715) wifi_init: tcp tx win: 5760[0m
[0;32mI (715) wifi_init: tcp rx win: 5760[0m
[0;32mI (725) wifi_init: tcp mss: 1440[0m
[0;32mI (725) wifi_init: WiFi IRAM OP enabled[0m
[0;32mI (735) wifi_init: WiFi RX IRAM OP enabled[0m
[0;32mI (735) phy_init: phy_version 4791,2c4672b,Dec 20 2023,16:06:06[0m
I (835) wifi:mode : sta (c8:f0:9e:f1:4a:c8)
I (835) wifi:enable tsf
[0;32mI (835) Firebase: wifi_init_sta finished.[0m
I (845) wifi:new:<11,0>, old:<1,0>, ap:<255,255>, sta:<11,0>, prof:1
I (855) wifi:state: init -> auth (b0)
I (855) wifi:state: auth -> assoc (0)
I (855) wifi:state: assoc -> run (10)
I (995) wifi:connected with Galaxym31, aid = 1, channel 11, BW20, bssid = 4a:3e:02:1e:c9:b7
I (995) wifi:security: WPA2-PSK, phy: bgn, rssi: -43
I (1005) wifi:pm start, type: 1

I (1005) wifi:dp: 1, bi: 102400, li: 3, scale listen interval from 307200 us to 307200 us
I (1015) wifi:<ba-add>idx:0 (ifx:0, 4a:3e:02:1e:c9:b7), tid:0, ssn:0, winSize:64
I (1085) wifi:dp: 2, bi: 102400, li: 4, scale listen interval from 307200 us to 409600 us
I (1085) wifi:AP's beacon interval = 102400 us, DTIM period = 2
[0;32mI (2025) esp_netif_handlers: sta ip: 192.168.26.89, mask: 255.255.255.0, gw: 192.168.26.71[0m
[0;32mI (2025) Firebase: got ip:192.168.26.89[0m
[0;32mI (2025) Firebase: connected to ap SSID:myssid password:mypassword[0m
[0;32mI (2035) main_task: Returned from app_main()[0m
[0;32mI (3765) Firebase: Full JSON Response: {
  "name": "projects/iot-firebase-80171/databases/(default)/documents/collection/1JRc9F32B4n1fWYeRlHT",
  "fields": {
    "led 1": {
      "integerValue": "1"
    },
    "led 2": {
      "integerValue": "1"
    }
  },
  "createTime": "2024-09-17T14:06:02.109454Z",
  "updateTime": "2024-09-23T11:12:31.083558Z"
}
[0m
[0;32mI (3785) Firebase: HTTP GET Status = 200[0m
[0;31mE (3795) Firebase: Error parsing JSON data[0m
[0;32mI (5255) Firebase: Full JSON Response: {
  "name": "projects/iot-firebase-80171/databases/(default)/documents/collection/1JRc9F32B4n1fWYeRlHT",
  "fields": {
    "led 2": {
      "integerValue": "1"
    },
    "led 1": {
      "integerValue": "1"
    }
  },
  "createTime": "2024-09-17T14:06:02.109454Z",
  "updateTime": "2024-09-23T11:12:31.083558Z"
}
[0m
[0;32mI (5285) Firebase: HTTP GET Status = 200[0m
[0;31mE (5295) Firebase: Error parsing JSON data[0m
[0;32mI (7035) Firebase: Full JSON Response: {
  "name": "projects/iot-firebase-80171/databases/(default)/documents/collection/1JRc9F32B4n1fWYeRlHT",
  "fields": {
    "led 1": {
      "integerValue": "1"
    },
    "led 2": {
      "integerValue": "1"
    }
  },
  "createTime": "2024-09-17T14:06:02.109454Z",
  "updateTime": "2024-09-23T11:12:31.083558Z"
}
[0m
[0;32mI (7065) Firebase: HTTP GET Status = 200[0m
[0;31mE (7075) Firebase: Error parsing JSON data[0m
[0;32mI (8675) Firebase: Full JSON Response: {
  "name": "projects/iot-firebase-80171/databases/(default)/documents/collection/1JRc9F32B4n1fWYeRlHT",
  "fields": {
    "led 1": {
      "integerValue": "1"
    },
    "led 2": {
      "integerValue": "1"
    }
  },
  "createTime": "2024-09-17T14:06:02.109454Z",
  "updateTime": "2024-09-23T11:12:31.083558Z"
}
[0m
[0;32mI (8705) Firebase: HTTP GET Status = 200[0m
[0;31mE (8715) Firebase: Error parsing JSON data[0m
[0;32mI (10325) Firebase: Full JSON Response: {
  "name": "projects/iot-firebase-80171/databases/(default)/documents/collection/1JRc9F32B4n1fWYeRlHT",
  "fields": {
    "led 1": {
      "integerValue": "1"
    },
    "led 2": {
      "integerValue": "1"
    }
  },
  "createTime": "2024-09-17T14:06:02.109454Z",
  "updateTime": "2024-09-23T11:12:31.083558Z"
}
[0m
[0;32mI (10345) Firebase: HTTP GET Status = 200[0m
[0;31mE (10355) Firebase: Error parsing JSON data[0m
[0;32mI (11955) Firebase: Full JSON Response: {
  "name": "projects/iot-firebase-80171/databases/(default)/documents/collection/1JRc9F32B4n1fWYeRlHT",
  "fields": {
    "led 1": {
      "integerValue": "1"
    },
    "led 2": {
      "integerValue": "1"
    }
  },
  "createTime": "2024-09-17T14:06:02.109454Z",
  "updateTime": "2024-09-23T11:12:31.083558Z"
}
[0m
[0;32mI (11975) Firebase: HTTP GET Status = 200[0m
[0;31mE (11985) Firebase: Error parsing JSON data[0m
