ï¿½ï¿½ï¿½ï¿½ï¿½ chip revision: v3.0[0m
[0;ets Jul 29 2019 12:21:46

rst:0x1 (POWERON_RESET),boot:0x13 (SPI_FAST_FLASH_BOOT)
configsip: 0, SPIWP:0xee
clk_drv:0x00,q_drv:0x00,d_drv:0x00,cs0_drv:0x00,hd_drv:0x00,wp_drv:0x00
mode:DIO, clock div:2
load:0x3fff0030,len:7172
load:0x40078000,len:15540
load:0x40080400,len:4
ho 8 tail 4 room 4
load:0x40080404,len:3904
entry 0x40080640
[0;32mI (31) boot: ESP-IDF v5.2.2-dirty 2nd stage bootloader[0m
[0;32mI (31) boot: compile time Sep 23 2024 10:01:52[0m
[0;32mI (31) boot: Multicore bootloader[0m
[0;32mI (36) boot: chip revision: v3.0[0m
[0;32mI (40) boot.esp32: SPI Speed      : 40MHz[0m
[0;32mI (44) boot.esp32: SPI Mode       : DIO[0m
[0;32mI (49) boot.esp32: SPI Flash Size : 2MB[0m
[0;32mI (53) boot: Enabling RNG early entropy source...[0m
[0;32mI (59) boot: Partition Table:[0m
[0;32mI (62) boot: ## Label            Usage          Type ST Offset   Length[0m
[0;32mI (70) boot:  0 nvs              WiFi data        01 02 00009000 00006000[0m
[0;32mI (77) boot:  1 phy_init         RF data          01 01 0000f000 00001000[0m
[0;32mI (85) boot:  2 factory          factory app      00 00 00010000 00100000[0m
[0;32mI (92) boot: End of partition table[0m
[0;32mI (96) esp_image: segment 0: paddr=00010020 vaddr=3f400020 size=29e8ch (171660) map[0m
[0;32mI (164) esp_image: segment 1: paddr=00039eb4 vaddr=3ffb0000 size=03bbch ( 15292) load[0m
[0;32mI (169) esp_image: segment 2: paddr=0003da78 vaddr=40080000 size=025a0h (  9632) load[0m
[0;32mI (174) esp_image: segment 3: paddr=00040020 vaddr=400d0020 size=a4000h (671744) map[0m
[0;32mI (408) esp_image: segment 4: paddr=000e4028 vaddr=400825a0 size=151a8h ( 86440) load[0m
[0;32mI (454) boot: Loaded app from partition at offset 0x10000[0m
[0;32mI (454) boot: Disabling RNG early entropy source...[0m
[0;32mI (465) cpu_start: Multicore app[0m
[0;32mI (474) cpu_start: Pro cpu start user code[0m
[0;32mI (474) cpu_start: cpu freq: 160000000 Hz[0m
[0;32mI (474) cpu_start: Application information:[0m
[0;32mI (477) cpu_start: Project name:     app-template[0m
[0;32mI (483) cpu_start: App version:      1[0m
[0;32mI (487) cpu_start: Compile time:     Sep 24 2024 11:48:22[0m
[0;32mI (493) cpu_start: ELF file SHA256:  2e14af6dd...[0m
[0;32mI (498) cpu_start: ESP-IDF:          v5.2.2-dirty[0m
[0;32mI (504) cpu_start: Min chip rev:     v0.0[0m
[0;32mI (509) cpu_start: Max chip rev:     v3.99 [0m
[0;32mI (513) cpu_start: Chip rev:         v3.0[0m
[0;32mI (518) heap_init: Initializing. RAM available for dynamic allocation:[0m
[0;32mI (526) heap_init: At 3FFAE6E0 len 00001920 (6 KiB): DRAM[0m
[0;32mI (531) heap_init: At 3FFB8268 len 00027D98 (159 KiB): DRAM[0m
[0;32mI (538) heap_init: At 3FFE0440 len 00003AE0 (14 KiB): D/IRAM[0m
[0;32mI (544) heap_init: At 3FFE4350 len 0001BCB0 (111 KiB): D/IRAM[0m
[0;32mI (550) heap_init: At 40097748 len 000088B8 (34 KiB): IRAM[0m
[0;32mI (558) spi_flash: detected chip: generic[0m
[0;32mI (561) spi_flash: flash io: dio[0m
[0;33mW (565) spi_flash: Detected size(4096k) larger than the size in the binary image header(2048k). Using the size in the binary image header.[0m
[0;32mI (579) main_task: Started on CPU0[0m
[0;32mI (589) main_task: Calling app_main()[0m
[0;32mI (629) gpio: GPIO[4]| InputEn: 0| OutputEn: 1| OpenDrain: 0| Pullup: 1| Pulldown: 1| Intr:0 [0m
[0;32mI (629) gpio: GPIO[5]| InputEn: 0| OutputEn: 1| OpenDrain: 0| Pullup: 1| Pulldown: 1| Intr:0 [0m
[0;32mI (639) uart: queue free spaces: 10[0m
[0;32mI (649) Firebase: ESP_WIFI_MODE_STA[0m
I (659) wifi:wifi driver task: 3ffc1960, prio:23, stack:6656, core=0
I (679) wifi:wifi firmware version: 3e0076f
I (679) wifi:wifi certification version: v7.0
I (679) wifi:config NVS flash: enabled
I (679) wifi:config nano formating: disabled
I (689) wifi:Init data frame dynamic rx buffer num: 32
I (689) wifi:Init static rx mgmt buffer num: 5
I (689) wifi:Init management short buffer num: 32
I (699) wifi:Init dynamic tx buffer num: 32
I (699) wifi:Init static rx buffer size: 1600
I (709) wifi:Init static rx buffer num: 10
I (709) wifi:Init dynamic rx buffer num: 32
[0;32mI (719) wifi_init: rx ba win: 6[0m
[0;32mI (719) wifi_init: tcpip mbox: 32[0m
[0;32mI (719) wifi_init: udp mbox: 6[0m
[0;32mI (729) wifi_init: tcp mbox: 6[0m
[0;32mI (729) wifi_init: tcp tx win: 5760[0m
[0;32mI (729) wifi_init: tcp rx win: 5760[0m
[0;32mI (739) wifi_init: tcp mss: 1440[0m
[0;32mI (739) wifi_init: WiFi IRAM OP enabled[0m
[0;32mI (749) wifi_init: WiFi RX IRAM OP enabled[0m
[0;32mI (759) phy_init: phy_version 4791,2c4672b,Dec 20 2023,16:06:06[0m
I (849) wifi:mode : sta (c8:f0:9e:f1:4a:c8)
I (849) wifi:enable tsf
[0;32mI (849) Firebase: wifi_init_sta finished.[0m
I (859) wifi:new:<11,0>, old:<1,0>, ap:<255,255>, sta:<11,0>, prof:1
I (859) wifi:state: init -> auth (b0)
I (869) wifi:state: auth -> assoc (0)
I (879) wifi:state: assoc -> run (10)
I (1009) wifi:connected with Galaxym31, aid = 1, channel 11, BW20, bssid = 4a:3e:02:1e:c9:b7
I (1019) wifi:security: WPA2-PSK, phy: bgn, rssi: -41
I (1019) wifi:pm start, type: 1

I (1019) wifi:dp: 1, bi: 102400, li: 3, scale listen interval from 307200 us to 307200 us
I (1029) wifi:<ba-add>idx:0 (ifx:0, 4a:3e:02:1e:c9:b7), tid:0, ssn:0, winSize:64
I (1069) wifi:dp: 2, bi: 102400, li: 4, scale listen interval from 307200 us to 409600 us
I (1069) wifi:AP's beacon interval = 102400 us, DTIM period = 2
[0;32mI (2039) esp_netif_handlers: sta ip: 192.168.26.89, mask: 255.255.255.0, gw: 192.168.26.71[0m
[0;32mI (2039) Firebase: got ip:192.168.26.89[0m
[0;32mI (2039) Firebase: connected to ap SSID:Galaxym31 password:12345678[0m
[0;32mI (2049) Firebase: UART Received Data: Roll:  11         Pitch:  3   
Roll:  11        [0m
[0;32mI (2059) Parsed UART Data: Roll: 11, Pitch: 3[0m
[0;32mI (2069) main_task: Returned from app_main()[0m

***ERROR*** A stack overflow in task Push_To_Firebas has been detected.


Backtrace: 0x400818d6:0x3ffc8810 0x40089f6d:0x3ffc8830 0x4008af22:0x3ffc8850 0x4008c21b:0x3ffc88d0 0x4008b02c:0x3ffc88f0 0x4008afde:0x00000000 |<-CORRUPTED




ELF file SHA256: 2e14af6dd

Rebooting...
ets Jul 29 2019 12:21:46

rst:0xc (SW_CPU_RESET),boot:0x13 (SPI_FAST_FLASH_BOOT)
configsip: 0, SPIWP:0xee
clk_drv:0x00,q_drv:0x00,d_drv:0x00,cs0_drv:0x00,hd_drv:0x00,wp_drv:0x00
mode:DIO, clock div:2
load:0x3fff0030,len:7172
load:0x40078000,len:15540
load:0x40080400,len:4
ho 8 tail 4 room 4
load:0x40080404,len:3904
entry 0x40080640
[0;32mI (31) boot: ESP-IDF v5.2.2-dirty 2nd stage bootloader[0m
[0;32mI (31) boot: compile time Sep 23 2024 10:01:52[0m
[0;32mI (31) boot: Multicore bootloader[0m
[0;32mI (36) boot: chip revision: v3.0[0m
[0;32mI (40) boot.esp32: SPI Speed      : 40MHz[0m
[0;32mI (44) boot.esp32: SPI Mode       : DIO[0m
[0;32mI (49) boot.esp32: SPI Flash Size : 2MB[0m
[0;32mI (53) boot: Enabling RNG early entropy source...[0m
[0;32mI (59) boot: Partition Table:[0m
[0;32mI (62) boot: ## Label            Usage          Type ST Offset   Length[0m
[0;32mI (70) boot:  0 nvs              WiFi data        01 02 00009000 00006000[0m
[0;32mI (77) boot:  1 phy_init         RF data          01 01 0000f000 00001000[0m
[0;32mI (84) boot:  2 factory          factory app      00 00 00010000 00100000[0m
[0;32mI (92) boot: End of partition table[0m
[0;32mI (96) esp_image: segment 0: paddr=00010020 vaddr=3f400020 size=29e8ch (171660) map[0m
[0;32mI (163) esp_image: segment 1: paddr=00039eb4 vaddr=3ffb0000 size=03bbch ( 15292) load[0m
[0;32mI (169) esp_image: segment 2: paddr=0003da78 vaddr=40080000 size=025a0h (  9632) load[0m
[0;32mI (173) esp_image: segment 3: paddr=00040020 vaddr=400d0020 size=a4000h (671744) map[0m
[0;32mI (408) esp_image: segment 4: paddr=000e4028 vaddr=400825a0 size=151a8h ( 86440) load[0m
[0;32mI (454) boot: Loaded app from partition at offset 0x10000[0m
[0;32mI (454) boot: Disabling RNG early entropy source...[0m
[0;32mI (465) cpu_start: Multicore app[0m
[0;32mI (474) cpu_start: Pro cpu start user code[0m
[0;32mI (474) cpu_start: cpu freq: 160000000 Hz[0m
[0;32mI (474) cpu_start: Application information:[0m
[0;32mI (477) cpu_start: Project name:     app-template[0m
[0;32mI (482) cpu_start: App version:      1[0m
[0;32mI (487) cpu_start: Compile time:     Sep 24 2024 11:48:22[0m
[0;32mI (493) cpu_start: ELF file SHA256:  2e14af6dd...[0m
[0;32mI (498) cpu_start: ESP-IDF:          v5.2.2-dirty[0m
[0;32mI (504) cpu_start: Min chip rev:     v0.0[0m
[0;32mI (508) cpu_start: Max chip rev:     v3.99 [0m
[0;32mI (513) cpu_start: Chip rev:         v3.0[0m
[0;32mI (518) heap_init: Initializing. RAM available for dynamic allocation:[0m
[0;32mI (525) heap_init: At 3FFAE6E0 len 00001920 (6 KiB): DRAM[0m
[0;32mI (531) heap_init: At 3FFB8268 len 00027D98 (159 KiB): DRAM[0m
[0;32mI (537) heap_init: At 3FFE0440 len 00003AE0 (14 KiB): D/IRAM[0m
[0;32mI (544) heap_init: At 3FFE4350 len 0001BCB0 (111 KiB): D/IRAM[0m
[0;32mI (550) heap_init: At 40097748 len 000088B8 (34 KiB): IRAM[0m
[0;32mI (558) spi_flash: detected chip: generic[0m
[0;32mI (561) spi_flash: flash io: dio[0m
[0;33mW (565) spi_flash: Detected size(4096k) larger than the size in the binary image header(2048k). Using the size in the binary image header.[0m
[0;32mI (579) main_task: Started on CPU0[0m
[0;32mI (589) main_task: Calling app_main()[0m
[0;32mI (629) gpio: GPIO[4]| InputEn: 0| OutputEn: 1| OpenDrain: 0| Pullup: 1| Pulldown: 1| Intr:0 [0m
[0;32mI (629) gpio: GPIO[5]| InputEn: 0| OutputEn: 1| OpenDrain: 0| Pullup: 1| Pulldown: 1| Intr:0 [0m
[0;32mI (639) uart: queue free spaces: 10[0m
[0;32mI (649) Firebase: ESP_WIFI_MODE_STA[0m
I (659) wifi:wifi driver task: 3ffc1960, prio:23, stack:6656, core=0
I (679) wifi:wifi firmware version: 3e0076f
I (679) wifi:wifi certification version: v7.0
I (679) wifi:config NVS flash: enabled
I (679) wifi:config nano formating: disabled
I (689) wifi:Init data frame dynamic rx buffer num: 32
I (689) wifi:Init static rx mgmt buffer num: 5
I (689) wifi:Init management short buffer num: 32
I (699) wifi:Init dynamic tx buffer num: 32
I (699) wifi:Init static rx buffer size: 1600
I (709) wifi:Init static rx buffer num: 10
I (709) wifi:Init dynamic rx buffer num: 32
[0;32mI (719) wifi_init: rx ba win: 6[0m
[0;32mI (719) wifi_init: tcpip mbox: 32[0m
[0;32mI (719) wifi_init: udp mbox: 6[0m
[0;32mI (729) wifi_init: tcp mbox: 6[0m
[0;32mI (729) wifi_init: tcp tx win: 5760[0m
[0;32mI (729) wifi_init: tcp rx win: 5760[0m
[0;32mI (739) wifi_init: tcp mss: 1440[0m
[0;32mI (739) wifi_init: WiFi IRAM OP enabled[0m
[0;32mI (749) wifi_init: WiFi RX IRAM OP enabled[0m
[0;32mI (759) phy_init: phy_version 4791,2c4672b,Dec 20 2023,16:06:06[0m
I (849) wifi:mode : sta (c8:f0:9e:f1:4a:c8)
I (849) wifi:enable tsf
[0;32mI (849) Firebase: wifi_init_sta finished.[0m
I (859) wifi:new:<11,0>, old:<1,0>, ap:<255,255>, sta:<11,0>, prof:1
I (859) wifi:state: init -> auth (b0)
I (869) wifi:state: auth -> assoc (0)
I (869) wifi:state: assoc -> run (10)
I (989) wifi:state: run -> init (2c0)
I (989) wifi:new:<11,0>, old:<11,0>, ap:<255,255>, sta:<11,0>, prof:1
[0;32mI (999) Firebase: retry to connect to the AP[0m
[0;32mI (999) Firebase: connect to the AP fail[0m
[0;32mI (3409) Firebase: retry to connect to the AP[0m
[0;32mI (3409) Firebase: connect to the AP fail[0m
I (3459) wifi:new:<11,0>, old:<11,0>, ap:<255,255>, sta:<11,0>, prof:1
I (3459) wifi:state: init -> auth (b0)
I (3469) wifi:state: auth -> assoc (0)
I (3469) wifi:state: assoc -> run (10)
I (3609) wifi:connected with Galaxym31, aid = 1, channel 11, BW20, bssid = 4a:3e:02:1e:c9:b7
I (3609) wifi:security: WPA2-PSK, phy: bgn, rssi: -36
I (3619) wifi:pm start, type: 1

I (3619) wifi:dp: 1, bi: 102400, li: 3, scale listen interval from 307200 us to 307200 us
I (3629) wifi:<ba-add>idx:0 (ifx:0, 4a:3e:02:1e:c9:b7), tid:0, ssn:0, winSize:64
I (3659) wifi:dp: 2, bi: 102400, li: 4, scale listen interval from 307200 us to 409600 us
I (3659) wifi:AP's beacon interval = 102400 us, DTIM period = 2
[0;32mI (4629) esp_netif_handlers: sta ip: 192.168.26.89, mask: 255.255.255.0, gw: 192.168.26.71[0m
[0;32mI (4629) Firebase: got ip:192.168.26.89[0m
[0;32mI (4629) Firebase: connected to ap SSID:Galaxym31 password:12345678[0m
[0;32mI (4639) Firebase: UART Received Data: Roll:  11         Pitch:  4   
Roll:  11        [0m
[0;32mI (4649) Parsed UART Data: Roll: 11, Pitch: 4[0m

assert failed: block_trim_free tlsf.c:496 (block_is_free(block) && "block must be free")


Backtrace: 0x400818d6:0x3ffc8ad0 0x40089f6d:0x3ffc8af0 0x40091961:0x3ffc8b10 0x4008f9b0:0x3ffc8c30 0x4008f2d9:0x3ffc8c50 0x400820d1:0x3ffc8c70 0x4008212c:0x3ffc8c90 0x40082161:0x3ffc8cb0 0x400919d8:0x3ffc8cd0 0x400919fc:0x3ffc8cf0 0x40142bb9:0x3ffc8d10 0x40142864:0x3ffc8d40 0x40142a6b:0x3ffc8d70 0x400e356d:0x3ffc8da0 0x400d7057:0x3ffc8dd0 0x400d7110:0x3ffc8ee0 0x4008ab35:0x63746950 |<-CORRUPTED




ELF file SHA256: 2e14af6dd

Rebooting...
ets Jul 29 2019 12:21:46

rst:0xc (SW_CPU_RESET),boot:0x13 (SPI_FAST_FLASH_BOOT)
configsip: 0, SPIWP:0xee
clk_drv:0x00,q_drv:0x00,d_drv:0x00,cs0_drv:0x00,hd_drv:0x00,wp_drv:0x00
mode:DIO, clock div:2
load:0x3fff0030,len:7172
load:0x40078000,len:15540
load:0x40080400,len:4
ho 8 tail 4 room 4
load:0x40080404,len:3904
entry 0x40080640
[0;32mI (31) boot: ESP-IDF v5.2.2-dirty 2nd stage bootloader[0m
[0;32mI (31) boot: compile time Sep 23 2024 10:01:52[0m
[0;32mI (31) boot: Multicore bootloader[0m
[0;32mI (36) boot: chip revision: v3.0[0m
[0;32mI (40) boot.esp32: SPI Speed      : 40MHz[0m
[0;32mI (44) boot.esp32: SPI Mode       : DIO[0m
[0;32mI (49) boot.esp32: SPI Flash Size : 2MB[0m
[0;32mI (53) boot: Enabling RNG early entropy source...[0m
[0;32mI (59) boot: Partition Table:[0m
[0;32mI (62) boot: ## Label            Usage          Type ST Offset   Length[0m
[0;32mI (70) boot:  0 nvs              WiFi data        01 02 00009000 00006000[0m
[0;32mI (77) boot:  1 phy_init         RF data          01 01 0000f000 00001000[0m
[0;32mI (84) boot:  2 factory          factory app      00 00 00010000 00100000[0m
[0;32mI (92) boot: End of partition table[0m
[0;32mI (96) esp_image: segment 0: paddr=00010020 vaddr=3f400020 size=29e8ch (171660) map[0m
[0;32mI (163) esp_image: segment 1: paddr=00039eb4 vaddr=3ffb0000 size=03bbch ( 15292) load[0m
[0;32mI (169) esp_image: segment 2: paddr=0003da78 vaddr=40080000 size=025a0h (  9632) load[0m
[0;32mI (173) esp_image: segment 3: paddr=00040020 vaddr=400d0020 size=a4000h (671744) map[0m
[0;32mI (408) esp_image: segment 4: paddr=000e4028 vaddr=400825a0 size=151a8h ( 86440) load[0m
[0;32mI (454) boot: Loaded app from partition at offset 0x10000[0m
[0;32mI (454) boot: Disabling RNG early entropy source...[0m
[0;32mI (465) cpu_start: Multicore app[0m
[0;32mI (474) cpu_start: Pro cpu start user code[0m
[0;32mI (474) cpu_start: cpu freq: 160000000 Hz[0m
[0;32mI (474) cpu_start: Application information:[0m
[0;32mI (477) cpu_start: Project name:     app-template[0m
[0;32mI (483) cpu_start: App version:      1[0m
[0;32mI (487) cpu_start: Compile time:     Sep 24 2024 11:48:22[0m
[0;32mI (493) cpu_start: ELF file SHA256:  2e14af6dd...[0m
[0;32mI (498) cpu_start: ESP-IDF:          v5.2.2-dirty[0m
[0;32mI (504) cpu_start: Min chip rev:     v0.0[0m
[0;32mI (508) cpu_start: Max chip rev:     v3.99 [0m
[0;32mI (513) cpu_start: Chip rev:         v3.0[0m
[0;32mI (518) heap_init: Initializing. RAM available for dynamic allocation:[0m
[0;32mI (525) heap_init: At 3FFAE6E0 len 00001920 (6 KiB): DRAM[0m
[0;32mI (531) heap_init: At 3FFB8268 len 00027D98 (159 KiB): DRAM[0m
[0;32mI (538) heap_init: At 3FFE0440 len 00003AE0 (14 KiB): D/IRAM[0m
[0;32mI (544) heap_init: At 3FFE4350 len 0001BCB0 (111 KiB): D/IRAM[0m
[0;32mI (550) heap_init: At 40097748 len 000088B8 (34 KiB): IRAM[0m
[0;32mI (558) spi_flash: detected chip: generic[0m
[0;32mI (561) spi_flash: flash io: dio[0m
[0;33mW (565) spi_flash: Detected size(4096k) larger than the size in the binary image header(2048k). Using the size in the binary image header.[0m
[0;32mI (579) main_task: Started on CPU0[0m
[0;32mI (589) main_task: Calling app_main()[0m
[0;32mI (629) gpio: GPIO[4]| InputEn: 0| OutputEn: 1| OpenDrain: 0| Pullup: 1| Pulldown: 1| Intr:0 [0m
[0;32mI (629) gpio: GPIO[5]| InputEn: 0| OutputEn: 1| OpenDrain: 0| Pullup: 1| Pulldown: 1| Intr:0 [0m
[0;32mI (639) uart: queue free spaces: 10[0m
[0;32mI (649) Firebase: ESP_WIFI_MODE_STA[0m
I (659) wifi:wifi driver task: 3ffc1960, prio:23, stack:6656, core=0
I (679) wifi:wifi firmware version: 3e0076f
I (679) wifi:wifi certification version: v7.0
I (679) wifi:config NVS flash: enabled
I (679) wifi:config nano formating: disabled
I (689) wifi:Init data frame dynamic rx buffer num: 32
I (689) wifi:Init static rx mgmt buffer num: 5
I (689) wifi:Init management short buffer num: 32
I (699) wifi:Init dynamic tx buffer num: 32
I (699) wifi:Init static rx buffer size: 1600
I (709) wifi:Init static rx buffer num: 10
I (709) wifi:Init dynamic rx buffer num: 32
[0;32mI (719) wifi_init: rx ba win: 6[0m
[0;32mI (719) wifi_init: tcpip mbox: 32[0m
[0;32mI (719) wifi_init: udp mbox: 6[0m
[0;32mI (729) wifi_init: tcp mbox: 6[0m
[0;32mI (729) wifi_init: tcp tx win: 5760[0m
[0;32mI (729) wifi_init: tcp rx win: 5760[0m
[0;32mI (739) wifi_init: tcp mss: 1440[0m
[0;32mI (739) wifi_init: WiFi IRAM OP enabled[0m
[0;32mI (749) wifi_init: WiFi RX IRAM OP enabled[0m
[0;32mI (759) phy_init: phy_version 4791,2c4672b,Dec 20 2023,16:06:06[0m
I (849) wifi:mode : sta (c8:f0:9e:f1:4a:c8)
I (849) wifi:enable tsf
[0;32mI (849) Firebase: wifi_init_sta finished.[0m
I (859) wifi:new:<11,0>, old:<1,0>, ap:<255,255>, sta:<11,0>, prof:1
I (859) wifi:state: init -> auth (b0)
I (869) wifi:state: auth -> assoc (0)
I (869) wifi:state: assoc -> run (10)
I (989) wifi:state: run -> init (2c0)
I (989) wifi:new:<11,0>, old:<11,0>, ap:<255,255>, sta:<11,0>, prof:1
[0;32mI (989) Firebase: retry to connect to the AP[0m
[0;32mI (989) Firebase: connect to the AP fail[0m
