&S	ï¿½ï¿½ï¿½ï¿½ chip revision: v3.0[0m
[0;32mï¿½ets Jul 29 2019 12:21:46

rst:0x1 (POWERON_RESET),boot:0x13 (SPI_FAST_FLASH_BOOT)
configsip: 0, SPIWP:0xee
clk_drv:0x00,q_drv:0x00,d_drv:0x00,cs0_drv:0x00,hd_drv:0x00,wp_drv:0x00
mode:DIO, clock div:2
load:0x3fff0030,len:7172
load:0x40078000,len:15540
load:0x40080400,len:4
ho 8 tail 4 room 4
load:0x40080404,len:3904
entry 0x40080640
[0;32mI (31) boot: ESP-IDF v5.2.2-dirty 2nd stage bootloader[0m
[0;32mI (31) boot: compile time Sep 18 2024 16:38:30[0m
[0;32mI (31) boot: Multicore bootloader[0m
[0;32mI (36) boot: chip revision: v3.0[0m
[0;32mI (40) boot.esp32: SPI Speed      : 40MHz[0m
[0;32mI (44) boot.esp32: SPI Mode       : DIO[0m
[0;32mI (49) boot.esp32: SPI Flash Size : 2MB[0m
[0;32mI (53) boot: Enabling RNG early entropy source...[0m
[0;32mI (59) boot: Partition Table:[0m
[0;32mI (62) boot: ## Label            Usage          Type ST Offset   Length[0m
[0;32mI (70) boot:  0 nvs              WiFi data        01 02 00009000 00006000[0m
[0;32mI (77) boot:  1 phy_init         RF data          01 01 0000f000 00001000[0m
[0;32mI (85) boot:  2 factory          factory app      00 00 00010000 00100000[0m
[0;32mI (92) boot: End of partition table[0m
[0;32mI (96) esp_image: segment 0: paddr=00010020 vaddr=3f400020 size=2825ch (164444) map[0m
[0;32mI (161) esp_image: segment 1: paddr=00038284 vaddr=3ffb0000 size=03bcch ( 15308) load[0m
[0;32mI (167) esp_image: segment 2: paddr=0003be58 vaddr=40080000 size=041c0h ( 16832) load[0m
[0;32mI (174) esp_image: segment 3: paddr=00040020 vaddr=400d0020 size=9b33ch (635708) map[0m
[0;32mI (393) esp_image: segment 4: paddr=000db364 vaddr=400841c0 size=12670h ( 75376) load[0m
[0;32mI (434) boot: Loaded app from partition at offset 0x10000[0m
[0;32mI (434) boot: Disabling RNG early entropy source...[0m
[0;32mI (446) cpu_start: Multicore app[0m
[0;32mI (455) cpu_start: Pro cpu start user code[0m
[0;32mI (455) cpu_start: cpu freq: 160000000 Hz[0m
[0;32mI (455) cpu_start: Application information:[0m
[0;32mI (458) cpu_start: Project name:     app-template[0m
[0;32mI (463) cpu_start: App version:      1[0m
[0;32mI (467) cpu_start: Compile time:     Sep 18 2024 16:38:16[0m
[0;32mI (474) cpu_start: ELF file SHA256:  3bddd8191...[0m
[0;32mI (479) cpu_start: ESP-IDF:          v5.2.2-dirty[0m
[0;32mI (484) cpu_start: Min chip rev:     v0.0[0m
[0;32mI (489) cpu_start: Max chip rev:     v3.99 [0m
[0;32mI (494) cpu_start: Chip rev:         v3.0[0m
[0;32mI (499) heap_init: Initializing. RAM available for dynamic allocation:[0m
[0;32mI (506) heap_init: At 3FFAE6E0 len 00001920 (6 KiB): DRAM[0m
[0;32mI (512) heap_init: At 3FFB8270 len 00027D90 (159 KiB): DRAM[0m
[0;32mI (518) heap_init: At 3FFE0440 len 00003AE0 (14 KiB): D/IRAM[0m
[0;32mI (524) heap_init: At 3FFE4350 len 0001BCB0 (111 KiB): D/IRAM[0m
[0;32mI (531) heap_init: At 40096830 len 000097D0 (37 KiB): IRAM[0m
[0;32mI (539) spi_flash: detected chip: generic[0m
[0;32mI (542) spi_flash: flash io: dio[0m
[0;33mW (546) spi_flash: Detected size(4096k) larger than the size in the binary image header(2048k). Using the size in the binary image header.[0m
[0;32mI (560) main_task: Started on CPU0[0m
[0;32mI (570) main_task: Calling app_main()[0m
[0;32mI (620) Firebase: ESP_WIFI_MODE_STA[0m
I (630) wifi:wifi driver task: 3ffc0240, prio:23, stack:6656, core=0
I (650) wifi:wifi firmware version: 3e0076f
I (650) wifi:wifi certification version: v7.0
I (650) wifi:config NVS flash: enabled
I (650) wifi:config nano formating: disabled
I (660) wifi:Init data frame dynamic rx buffer num: 32
I (660) wifi:Init static rx mgmt buffer num: 5
I (670) wifi:Init management short buffer num: 32
I (670) wifi:Init dynamic tx buffer num: 32
I (670) wifi:Init static rx buffer size: 1600
I (680) wifi:Init static rx buffer num: 10
I (680) wifi:Init dynamic rx buffer num: 32
[0;32mI (690) wifi_init: rx ba win: 6[0m
[0;32mI (690) wifi_init: tcpip mbox: 32[0m
[0;32mI (690) wifi_init: udp mbox: 6[0m
[0;32mI (700) wifi_init: tcp mbox: 6[0m
[0;32mI (700) wifi_init: tcp tx win: 5760[0m
[0;32mI (700) wifi_init: tcp rx win: 5760[0m
[0;32mI (710) wifi_init: tcp mss: 1440[0m
[0;32mI (710) wifi_init: WiFi IRAM OP enabled[0m
[0;32mI (720) wifi_init: WiFi RX IRAM OP enabled[0m
[0;32mI (730) phy_init: phy_version 4791,2c4672b,Dec 20 2023,16:06:06[0m
I (820) wifi:mode : sta (c8:f0:9e:f1:4a:c8)
I (820) wifi:enable tsf
[0;32mI (820) Firebase: wifi_init_sta finished.[0m
I (2040) wifi:new:<11,0>, old:<1,0>, ap:<255,255>, sta:<11,0>, prof:1
I (2040) wifi:state: init -> auth (b0)
I (2040) wifi:state: auth -> assoc (0)
I (2050) wifi:state: assoc -> run (10)
I (2080) wifi:connected with Galaxym31, aid = 1, channel 11, BW20, bssid = 4a:3e:02:1e:c9:b7
I (2080) wifi:security: WPA2-PSK, phy: bgn, rssi: -38
I (2170) wifi:pm start, type: 1

I (2170) wifi:dp: 1, bi: 102400, li: 3, scale listen interval from 307200 us to 307200 us
I (2170) wifi:dp: 2, bi: 102400, li: 4, scale listen interval from 307200 us to 409600 us
I (2180) wifi:AP's beacon interval = 102400 us, DTIM period = 2
I (2180) wifi:<ba-add>idx:0 (ifx:0, 4a:3e:02:1e:c9:b7), tid:0, ssn:0, winSize:64
[0;32mI (3190) esp_netif_handlers: sta ip: 192.168.26.89, mask: 255.255.255.0, gw: 192.168.26.71[0m
[0;32mI (3190) Firebase: got ip:192.168.26.89[0m
[0;32mI (3190) Firebase: connected to ap SSID:myssid password:mypassword[0m
[0;31mE (3220) dht: Initialization error, problem in phase 'B'[0m
Sending JSON data: {"fields":{"humidity":{"doubleValue":0},"temperature":{"doubleValue":0}}}
HTTP_EVENT_ON_DATA: {
  "name": "projects/iot-firebase-80171/databases/(default)/documents/
HTTP_EVENT_ON_DATA: collection/1JRc9F32B4n1fWYeRlHT",
  "fields": {
    "humidity": {
      "doubleValue": 0
    },
    "temperature": {
      "doubleValue": 0
    }
  },
  "createTime": "2024-09-17T14:06:02.109454Z",
  "updateTime": "2024-09-18T14:24:34.452961Z"
}

[0;32mI (4850) Firebase: HTTP POST Status = 200, content_length = -1[0m
[0;32mI (4870) Firebase: DATA PUSHED TO THE FIRESTORE[0m
[0;32mI (4870) main_task: Returned from app_main()[0m
